[0.011s] Invoking command in '/home/linros/ros2_ws/build/my_first_pkg': CMAKE_PREFIX_PATH=/opt/ros/humble /usr/bin/cmake /home/linros/ros2_ws/src/my_first_pkg -DCMAKE_INSTALL_PREFIX=/home/linros/ros2_ws/install/my_first_pkg
[0.220s] -- The C compiler identification is GNU 11.4.0
[0.509s] -- The CXX compiler identification is GNU 11.4.0
[0.692s] -- Detecting C compiler ABI info
[0.785s] -- Detecting C compiler ABI info - done
[0.789s] -- Check for working C compiler: /usr/bin/cc - skipped
[0.790s] -- Detecting C compile features
[0.790s] -- Detecting C compile features - done
[0.794s] -- Detecting CXX compiler ABI info
[0.892s] -- Detecting CXX compiler ABI info - done
[0.896s] -- Check for working CXX compiler: /usr/bin/c++ - skipped
[0.896s] -- Detecting CXX compile features
[0.896s] -- Detecting CXX compile features - done
[0.910s] -- Found ament_cmake: 1.3.14 (/opt/ros/humble/share/ament_cmake/cmake)
[1.007s] -- Found Python3: /usr/bin/python3 (found version "3.10.12") found components: Interpreter 
[1.086s] -- Found rclcpp: 16.0.19 (/opt/ros/humble/share/rclcpp/cmake)
[1.208s] -- Found rosidl_generator_c: 3.1.9 (/opt/ros/humble/share/rosidl_generator_c/cmake)
[1.213s] -- Found rosidl_adapter: 3.1.9 (/opt/ros/humble/share/rosidl_adapter/cmake)
[1.223s] -- Found rosidl_generator_cpp: 3.1.9 (/opt/ros/humble/share/rosidl_generator_cpp/cmake)
[1.240s] -- Using all available rosidl_typesupport_c: rosidl_typesupport_fastrtps_c;rosidl_typesupport_introspection_c
[1.256s] -- Using all available rosidl_typesupport_cpp: rosidl_typesupport_fastrtps_cpp;rosidl_typesupport_introspection_cpp
[1.305s] -- Found rmw_implementation_cmake: 6.1.3 (/opt/ros/humble/share/rmw_implementation_cmake/cmake)
[1.309s] -- Found rmw_fastrtps_cpp: 6.2.10 (/opt/ros/humble/share/rmw_fastrtps_cpp/cmake)
[2.089s] -- Found OpenSSL: /usr/lib/x86_64-linux-gnu/libcrypto.so (found version "3.0.2")  
[2.876s] -- Found FastRTPS: /opt/ros/humble/include  
[4.362s] -- Using RMW implementation 'rmw_fastrtps_cpp' as default
[4.372s] -- Looking for pthread.h
[4.481s] -- Looking for pthread.h - found
[4.481s] -- Performing Test CMAKE_HAVE_LIBC_PTHREAD
[4.569s] -- Performing Test CMAKE_HAVE_LIBC_PTHREAD - Success
[4.569s] -- Found Threads: TRUE  
[4.624s] -- Found ament_lint_auto: 0.12.15 (/opt/ros/humble/share/ament_lint_auto/cmake)
[4.680s] -- Added test 'cppcheck' to perform static code analysis on C / C++ code
[4.680s] -- Configured cppcheck include dirs: 
[4.680s] -- Configured cppcheck exclude dirs and/or files: 
[4.681s] -- Added test 'lint_cmake' to check CMake code style
[4.682s] -- Added test 'uncrustify' to check C / C++ code style
[4.682s] -- Configured uncrustify additional arguments: 
[4.683s] -- Added test 'xmllint' to check XML markup files
[4.685s] -- Configuring done
[4.695s] -- Generating done
[4.698s] -- Build files have been written to: /home/linros/ros2_ws/build/my_first_pkg
[4.705s] Invoked command in '/home/linros/ros2_ws/build/my_first_pkg' returned '0': CMAKE_PREFIX_PATH=/opt/ros/humble /usr/bin/cmake /home/linros/ros2_ws/src/my_first_pkg -DCMAKE_INSTALL_PREFIX=/home/linros/ros2_ws/install/my_first_pkg
[4.706s] Invoking command in '/home/linros/ros2_ws/build/my_first_pkg': CMAKE_PREFIX_PATH=/opt/ros/humble /usr/bin/cmake --build /home/linros/ros2_ws/build/my_first_pkg -- -j32 -l32
[4.739s] [ 50%] [32mBuilding CXX object CMakeFiles/publisher_node.dir/src/publisher_node.cpp.o[0m
[7.644s] [100%] [32m[1mLinking CXX executable publisher_node[0m
[7.843s] [100%] Built target publisher_node
[7.851s] Invoked command in '/home/linros/ros2_ws/build/my_first_pkg' returned '0': CMAKE_PREFIX_PATH=/opt/ros/humble /usr/bin/cmake --build /home/linros/ros2_ws/build/my_first_pkg -- -j32 -l32
[7.858s] Invoking command in '/home/linros/ros2_ws/build/my_first_pkg': CMAKE_PREFIX_PATH=/opt/ros/humble /usr/bin/cmake --install /home/linros/ros2_ws/build/my_first_pkg
[7.863s] -- Install configuration: ""
[7.864s] -- Installing: /home/linros/ros2_ws/install/my_first_pkg/share/ament_index/resource_index/package_run_dependencies/my_first_pkg
[7.865s] -- Installing: /home/linros/ros2_ws/install/my_first_pkg/share/ament_index/resource_index/parent_prefix_path/my_first_pkg
[7.865s] -- Installing: /home/linros/ros2_ws/install/my_first_pkg/share/my_first_pkg/environment/ament_prefix_path.sh
[7.866s] -- Installing: /home/linros/ros2_ws/install/my_first_pkg/share/my_first_pkg/environment/ament_prefix_path.dsv
[7.866s] -- Installing: /home/linros/ros2_ws/install/my_first_pkg/share/my_first_pkg/environment/path.sh
[7.866s] -- Installing: /home/linros/ros2_ws/install/my_first_pkg/share/my_first_pkg/environment/path.dsv
[7.866s] -- Installing: /home/linros/ros2_ws/install/my_first_pkg/share/my_first_pkg/local_setup.bash
[7.866s] -- Installing: /home/linros/ros2_ws/install/my_first_pkg/share/my_first_pkg/local_setup.sh
[7.866s] -- Installing: /home/linros/ros2_ws/install/my_first_pkg/share/my_first_pkg/local_setup.zsh
[7.867s] -- Installing: /home/linros/ros2_ws/install/my_first_pkg/share/my_first_pkg/local_setup.dsv
[7.867s] -- Installing: /home/linros/ros2_ws/install/my_first_pkg/share/my_first_pkg/package.dsv
[7.867s] -- Installing: /home/linros/ros2_ws/install/my_first_pkg/share/ament_index/resource_index/packages/my_first_pkg
[7.868s] -- Installing: /home/linros/ros2_ws/install/my_first_pkg/share/my_first_pkg/cmake/my_first_pkgConfig.cmake
[7.868s] -- Installing: /home/linros/ros2_ws/install/my_first_pkg/share/my_first_pkg/cmake/my_first_pkgConfig-version.cmake
[7.868s] -- Installing: /home/linros/ros2_ws/install/my_first_pkg/share/my_first_pkg/package.xml
[7.868s] -- Installing: /home/linros/ros2_ws/install/my_first_pkg/lib/my_first_pkg/publisher_node
[7.869s] -- Set runtime path of "/home/linros/ros2_ws/install/my_first_pkg/lib/my_first_pkg/publisher_node" to ""
[7.871s] Invoked command in '/home/linros/ros2_ws/build/my_first_pkg' returned '0': CMAKE_PREFIX_PATH=/opt/ros/humble /usr/bin/cmake --install /home/linros/ros2_ws/build/my_first_pkg
